
pkgs-app:
{
  "a": 3,
  "b": 4,
  "c": 7,
  "d": 49,
  "f": 9
}

pkgs-fix:
{
  "a": 3,
  "b": 4,
  "c": 7,
  "d": 49,
  "f": 9
}
